// Jest Snapshot v1, https://goo.gl/fbAQLP

exports[`sample json should match snapshot 1`] = `
Object {
  "title": "This is snapshot testing example",
}
`;
